ARM GAS  /var/folders/yz/d9r1ptpx3b38fsndtcpp09lr0000gn/T//ccHs2tOL.s 			page 1


   1              		.cpu cortex-m3
   2              		.arch armv7-m
   3              		.fpu softvfp
   4              		.eabi_attribute 20, 1
   5              		.eabi_attribute 21, 1
   6              		.eabi_attribute 23, 3
   7              		.eabi_attribute 24, 1
   8              		.eabi_attribute 25, 1
   9              		.eabi_attribute 26, 1
  10              		.eabi_attribute 30, 1
  11              		.eabi_attribute 34, 1
  12              		.eabi_attribute 18, 4
  13              		.file	"aux_func.c"
  14              		.text
  15              	.Ltext0:
  16              		.cfi_sections	.debug_frame
  17              		.file 1 "Core/Src/aux_func.c"
  18              		.section	.text.get_disp,"ax",%progbits
  19              		.align	1
  20              		.global	get_disp
  21              		.syntax unified
  22              		.thumb
  23              		.thumb_func
  25              	get_disp:
  26              	.LVL0:
  27              	.LFB0:
   1:Core/Src/aux_func.c **** #include "../Inc/aux_func.h"
   2:Core/Src/aux_func.c **** 
   3:Core/Src/aux_func.c **** uint8_t get_disp(uint8_t max_number) {
  28              		.loc 1 3 38 view -0
  29              		.cfi_startproc
  30              		@ args = 0, pretend = 0, frame = 0
  31              		@ frame_needed = 0, uses_anonymous_args = 0
  32              		@ link register save eliminated.
  33              		.loc 1 3 38 is_stmt 0 view .LVU1
  34 0000 0346     		mov	r3, r0
   4:Core/Src/aux_func.c ****     uint8_t mon_num = 1;
  35              		.loc 1 4 5 is_stmt 1 view .LVU2
  36              	.LVL1:
   5:Core/Src/aux_func.c ****     if (max_number == 2) mon_num = 3;
  37              		.loc 1 5 5 view .LVU3
  38              		.loc 1 5 8 is_stmt 0 view .LVU4
  39 0002 0228     		cmp	r0, #2
  40 0004 05D0     		beq	.L4
   6:Core/Src/aux_func.c ****     if (max_number == 3) mon_num = 5;
  41              		.loc 1 6 5 is_stmt 1 view .LVU5
  42              		.loc 1 6 8 is_stmt 0 view .LVU6
  43 0006 0328     		cmp	r0, #3
  44 0008 05D0     		beq	.L5
  45 000a 0120     		movs	r0, #1
  46              	.LVL2:
  47              	.L2:
   7:Core/Src/aux_func.c ****     if (max_number == 4) mon_num = 7;
  48              		.loc 1 7 5 is_stmt 1 view .LVU7
  49              		.loc 1 7 8 is_stmt 0 view .LVU8
  50 000c 042B     		cmp	r3, #4
  51 000e 04D0     		beq	.L7
ARM GAS  /var/folders/yz/d9r1ptpx3b38fsndtcpp09lr0000gn/T//ccHs2tOL.s 			page 2


  52              	.LVL3:
  53              	.L3:
   8:Core/Src/aux_func.c ****     return mon_num;
  54              		.loc 1 8 5 is_stmt 1 view .LVU9
   9:Core/Src/aux_func.c **** }
  55              		.loc 1 9 1 is_stmt 0 view .LVU10
  56 0010 7047     		bx	lr
  57              	.LVL4:
  58              	.L4:
   5:Core/Src/aux_func.c ****     if (max_number == 3) mon_num = 5;
  59              		.loc 1 5 34 discriminator 1 view .LVU11
  60 0012 0320     		movs	r0, #3
  61              	.LVL5:
   5:Core/Src/aux_func.c ****     if (max_number == 3) mon_num = 5;
  62              		.loc 1 5 34 discriminator 1 view .LVU12
  63 0014 FAE7     		b	.L2
  64              	.LVL6:
  65              	.L5:
   6:Core/Src/aux_func.c ****     if (max_number == 4) mon_num = 7;
  66              		.loc 1 6 34 discriminator 1 view .LVU13
  67 0016 0520     		movs	r0, #5
  68              	.LVL7:
   6:Core/Src/aux_func.c ****     if (max_number == 4) mon_num = 7;
  69              		.loc 1 6 34 discriminator 1 view .LVU14
  70 0018 7047     		bx	lr
  71              	.LVL8:
  72              	.L7:
   7:Core/Src/aux_func.c ****     return mon_num;
  73              		.loc 1 7 34 discriminator 1 view .LVU15
  74 001a 0720     		movs	r0, #7
  75              	.LVL9:
   7:Core/Src/aux_func.c ****     return mon_num;
  76              		.loc 1 7 34 discriminator 1 view .LVU16
  77 001c F8E7     		b	.L3
  78              		.cfi_endproc
  79              	.LFE0:
  81              		.section	.text.reverse_byte_mask,"ax",%progbits
  82              		.align	1
  83              		.global	reverse_byte_mask
  84              		.syntax unified
  85              		.thumb
  86              		.thumb_func
  88              	reverse_byte_mask:
  89              	.LVL10:
  90              	.LFB1:
  10:Core/Src/aux_func.c **** 
  11:Core/Src/aux_func.c **** uint8_t reverse_byte_mask(uint8_t b) {
  91              		.loc 1 11 38 is_stmt 1 view -0
  92              		.cfi_startproc
  93              		@ args = 0, pretend = 0, frame = 0
  94              		@ frame_needed = 0, uses_anonymous_args = 0
  95              		@ link register save eliminated.
  12:Core/Src/aux_func.c ****     b = ((b & 0x55) << 1) | ((b & 0xAA) >> 1); 
  96              		.loc 1 12 5 view .LVU18
  97              		.loc 1 12 21 is_stmt 0 view .LVU19
  98 0000 4300     		lsls	r3, r0, #1
  99 0002 23F05503 		bic	r3, r3, #85
ARM GAS  /var/folders/yz/d9r1ptpx3b38fsndtcpp09lr0000gn/T//ccHs2tOL.s 			page 3


 100 0006 5BB2     		sxtb	r3, r3
 101              		.loc 1 12 41 view .LVU20
 102 0008 4010     		asrs	r0, r0, #1
 103              	.LVL11:
 104              		.loc 1 12 41 view .LVU21
 105 000a 00F05500 		and	r0, r0, #85
 106              		.loc 1 12 27 view .LVU22
 107 000e 0343     		orrs	r3, r3, r0
 108              	.LVL12:
  13:Core/Src/aux_func.c ****     b = ((b & 0x33) << 2) | ((b & 0xCC) >> 2); 
 109              		.loc 1 13 5 is_stmt 1 view .LVU23
 110              		.loc 1 13 21 is_stmt 0 view .LVU24
 111 0010 9A00     		lsls	r2, r3, #2
 112 0012 22F03302 		bic	r2, r2, #51
 113 0016 52B2     		sxtb	r2, r2
 114              		.loc 1 13 41 view .LVU25
 115 0018 C3F38503 		ubfx	r3, r3, #2, #6
 116              	.LVL13:
 117              		.loc 1 13 41 view .LVU26
 118 001c 03F03303 		and	r3, r3, #51
 119              		.loc 1 13 27 view .LVU27
 120 0020 1343     		orrs	r3, r3, r2
 121              	.LVL14:
  14:Core/Src/aux_func.c ****     b = ((b & 0x0F) << 4) | ((b & 0xF0) >> 4); 
 122              		.loc 1 14 5 is_stmt 1 view .LVU28
 123              		.loc 1 14 27 is_stmt 0 view .LVU29
 124 0022 C3F30310 		ubfx	r0, r3, #4, #4
 125 0026 40EA0310 		orr	r0, r0, r3, lsl #4
 126              	.LVL15:
  15:Core/Src/aux_func.c ****     return b;
 127              		.loc 1 15 5 is_stmt 1 view .LVU30
  16:Core/Src/aux_func.c **** }
 128              		.loc 1 16 1 is_stmt 0 view .LVU31
 129 002a C0B2     		uxtb	r0, r0
 130              		.loc 1 16 1 view .LVU32
 131 002c 7047     		bx	lr
 132              		.cfi_endproc
 133              	.LFE1:
 135              		.text
 136              	.Letext0:
 137              		.file 2 "/Applications/STM32CubeIDE.app/Contents/Eclipse/plugins/com.st.stm32cube.ide.mcu.external
 138              		.file 3 "/Applications/STM32CubeIDE.app/Contents/Eclipse/plugins/com.st.stm32cube.ide.mcu.external
ARM GAS  /var/folders/yz/d9r1ptpx3b38fsndtcpp09lr0000gn/T//ccHs2tOL.s 			page 4


DEFINED SYMBOLS
                            *ABS*:00000000 aux_func.c
/var/folders/yz/d9r1ptpx3b38fsndtcpp09lr0000gn/T//ccHs2tOL.s:19     .text.get_disp:00000000 $t
/var/folders/yz/d9r1ptpx3b38fsndtcpp09lr0000gn/T//ccHs2tOL.s:25     .text.get_disp:00000000 get_disp
/var/folders/yz/d9r1ptpx3b38fsndtcpp09lr0000gn/T//ccHs2tOL.s:82     .text.reverse_byte_mask:00000000 $t
/var/folders/yz/d9r1ptpx3b38fsndtcpp09lr0000gn/T//ccHs2tOL.s:88     .text.reverse_byte_mask:00000000 reverse_byte_mask

NO UNDEFINED SYMBOLS
