ARM GAS  /var/folders/yz/d9r1ptpx3b38fsndtcpp09lr0000gn/T//ccpmNHUs.s 			page 1


   1              		.cpu cortex-m3
   2              		.arch armv7-m
   3              		.fpu softvfp
   4              		.eabi_attribute 20, 1
   5              		.eabi_attribute 21, 1
   6              		.eabi_attribute 23, 3
   7              		.eabi_attribute 24, 1
   8              		.eabi_attribute 25, 1
   9              		.eabi_attribute 26, 1
  10              		.eabi_attribute 30, 1
  11              		.eabi_attribute 34, 1
  12              		.eabi_attribute 18, 4
  13              		.file	"main.c"
  14              		.text
  15              	.Ltext0:
  16              		.cfi_sections	.debug_frame
  17              		.file 1 "Core/Src/main.c"
  18              		.section	.text.MX_GPIO_Init,"ax",%progbits
  19              		.align	1
  20              		.syntax unified
  21              		.thumb
  22              		.thumb_func
  24              	MX_GPIO_Init:
  25              	.LFB68:
   1:Core/Src/main.c **** /* USER CODE BEGIN Header */
   2:Core/Src/main.c **** /**
   3:Core/Src/main.c ****   ******************************************************************************
   4:Core/Src/main.c ****   * @file           : main.c
   5:Core/Src/main.c ****   * @brief          : Main program body
   6:Core/Src/main.c ****   ******************************************************************************
   7:Core/Src/main.c ****   * @attention
   8:Core/Src/main.c ****   *
   9:Core/Src/main.c ****   * Copyright (c) 2026 STMicroelectronics.
  10:Core/Src/main.c ****   * All rights reserved.
  11:Core/Src/main.c ****   *
  12:Core/Src/main.c ****   * This software is licensed under terms that can be found in the LICENSE file
  13:Core/Src/main.c ****   * in the root directory of this software component.
  14:Core/Src/main.c ****   * If no LICENSE file comes with this software, it is provided AS-IS.
  15:Core/Src/main.c ****   *
  16:Core/Src/main.c ****   ******************************************************************************
  17:Core/Src/main.c ****   */
  18:Core/Src/main.c **** /* USER CODE END Header */
  19:Core/Src/main.c **** /* Includes ------------------------------------------------------------------*/
  20:Core/Src/main.c **** #include "main.h"
  21:Core/Src/main.c **** #include "../Inc/bits_flag.h"
  22:Core/Src/main.c **** #include "../Inc/max_func.h"
  23:Core/Src/main.c **** /* Private includes ----------------------------------------------------------*/
  24:Core/Src/main.c **** /* USER CODE BEGIN Includes */
  25:Core/Src/main.c **** 
  26:Core/Src/main.c **** /* USER CODE END Includes */
  27:Core/Src/main.c **** 
  28:Core/Src/main.c **** /* Private typedef -----------------------------------------------------------*/
  29:Core/Src/main.c **** /* USER CODE BEGIN PTD */
  30:Core/Src/main.c **** 
  31:Core/Src/main.c **** /* USER CODE END PTD */
  32:Core/Src/main.c **** 
  33:Core/Src/main.c **** /* Private define ------------------------------------------------------------*/
ARM GAS  /var/folders/yz/d9r1ptpx3b38fsndtcpp09lr0000gn/T//ccpmNHUs.s 			page 2


  34:Core/Src/main.c **** /* USER CODE BEGIN PD */
  35:Core/Src/main.c **** 
  36:Core/Src/main.c **** /* USER CODE END PD */
  37:Core/Src/main.c **** 
  38:Core/Src/main.c **** /* Private macro -------------------------------------------------------------*/
  39:Core/Src/main.c **** /* USER CODE BEGIN PM */
  40:Core/Src/main.c **** 
  41:Core/Src/main.c **** /* USER CODE END PM */
  42:Core/Src/main.c **** 
  43:Core/Src/main.c **** /* Private variables ---------------------------------------------------------*/
  44:Core/Src/main.c **** 
  45:Core/Src/main.c **** /* USER CODE BEGIN PV */
  46:Core/Src/main.c **** 
  47:Core/Src/main.c **** /* USER CODE END PV */
  48:Core/Src/main.c **** 
  49:Core/Src/main.c **** /* Private function prototypes -----------------------------------------------*/
  50:Core/Src/main.c **** void SystemClock_Config(void);
  51:Core/Src/main.c **** static void MX_GPIO_Init(void);
  52:Core/Src/main.c **** static void MX_SPI1_Init(void);
  53:Core/Src/main.c **** /* USER CODE BEGIN PFP */
  54:Core/Src/main.c **** 
  55:Core/Src/main.c **** /* USER CODE END PFP */
  56:Core/Src/main.c **** 
  57:Core/Src/main.c **** /* Private user code ---------------------------------------------------------*/
  58:Core/Src/main.c **** /* USER CODE BEGIN 0 */
  59:Core/Src/main.c **** 
  60:Core/Src/main.c **** 
  61:Core/Src/main.c **** /* USER CODE END 0 */
  62:Core/Src/main.c **** 
  63:Core/Src/main.c **** /**
  64:Core/Src/main.c ****   * @brief  The application entry point.
  65:Core/Src/main.c ****   * @retval int
  66:Core/Src/main.c ****   */
  67:Core/Src/main.c **** int main(void)
  68:Core/Src/main.c **** {
  69:Core/Src/main.c **** 
  70:Core/Src/main.c ****   /* USER CODE BEGIN 1 */
  71:Core/Src/main.c **** 
  72:Core/Src/main.c ****   /* USER CODE END 1 */
  73:Core/Src/main.c **** 
  74:Core/Src/main.c ****   /* MCU Configuration--------------------------------------------------------*/
  75:Core/Src/main.c **** 
  76:Core/Src/main.c ****   /* Reset of all peripherals, Initializes the Flash interface and the Systick. */
  77:Core/Src/main.c ****   HAL_Init();
  78:Core/Src/main.c **** 
  79:Core/Src/main.c ****   /* USER CODE BEGIN Init */
  80:Core/Src/main.c **** 
  81:Core/Src/main.c ****   /* USER CODE END Init */
  82:Core/Src/main.c **** 
  83:Core/Src/main.c ****   /* Configure the system clock */
  84:Core/Src/main.c ****   SystemClock_Config();
  85:Core/Src/main.c **** 
  86:Core/Src/main.c ****   /* USER CODE BEGIN SysInit */
  87:Core/Src/main.c **** 
  88:Core/Src/main.c ****   /* USER CODE END SysInit */
  89:Core/Src/main.c **** 
  90:Core/Src/main.c ****   /* Initialize all configured peripherals */
ARM GAS  /var/folders/yz/d9r1ptpx3b38fsndtcpp09lr0000gn/T//ccpmNHUs.s 			page 3


  91:Core/Src/main.c ****   MX_GPIO_Init();
  92:Core/Src/main.c ****   MX_SPI1_Init();
  93:Core/Src/main.c ****   /* USER CODE BEGIN 2 */
  94:Core/Src/main.c **** 
  95:Core/Src/main.c ****   max_init();
  96:Core/Src/main.c **** 
  97:Core/Src/main.c ****   uint8_t arr[8][8];
  98:Core/Src/main.c ****   create_array(arr);
  99:Core/Src/main.c **** 
 100:Core/Src/main.c ****   for(uint8_t row = 0; row < 8; row++)
 101:Core/Src/main.c ****   {
 102:Core/Src/main.c ****     change_row(arr, 2, row + 1, eye[row]);
 103:Core/Src/main.c ****     change_row(arr, 3, row + 1, eye[row]);
 104:Core/Src/main.c ****     HAL_Delay(150);
 105:Core/Src/main.c ****     refresh_max(arr);
 106:Core/Src/main.c ****   }
 107:Core/Src/main.c **** 
 108:Core/Src/main.c **** 
 109:Core/Src/main.c ****   refresh_max(arr);
 110:Core/Src/main.c ****   /* USER CODE END 2 */
 111:Core/Src/main.c **** 
 112:Core/Src/main.c ****   /* Infinite loop */
 113:Core/Src/main.c ****   /* USER CODE BEGIN WHILE */
 114:Core/Src/main.c ****   while (1)
 115:Core/Src/main.c ****   {
 116:Core/Src/main.c ****     /* USER CODE END WHILE */
 117:Core/Src/main.c ****     change_row(arr, 2, 4, 0b10001101);
 118:Core/Src/main.c ****     change_row(arr, 3, 4, 0b10001101);
 119:Core/Src/main.c **** 
 120:Core/Src/main.c ****     refresh_max(arr);
 121:Core/Src/main.c ****     HAL_Delay(2000);
 122:Core/Src/main.c ****     change_row(arr, 3, 4, 0b10011001);   
 123:Core/Src/main.c ****     change_row(arr, 2, 4, 0b10011001);
 124:Core/Src/main.c ****     refresh_max(arr);
 125:Core/Src/main.c ****     HAL_Delay(2000);
 126:Core/Src/main.c **** 
 127:Core/Src/main.c ****     change_row(arr, 2, 4, 0b10110001);
 128:Core/Src/main.c ****     change_row(arr, 3, 4, 0b10110001);
 129:Core/Src/main.c **** 
 130:Core/Src/main.c ****     refresh_max(arr);
 131:Core/Src/main.c ****     HAL_Delay(2000);
 132:Core/Src/main.c ****     change_row(arr, 3, 4, 0b10011001);   
 133:Core/Src/main.c ****     change_row(arr, 2, 4, 0b10011001);
 134:Core/Src/main.c ****     refresh_max(arr);
 135:Core/Src/main.c ****     HAL_Delay(2000);
 136:Core/Src/main.c ****     /* USER CODE BEGIN 3 */
 137:Core/Src/main.c ****   }
 138:Core/Src/main.c ****   /* USER CODE END 3 */
 139:Core/Src/main.c **** }
 140:Core/Src/main.c **** 
 141:Core/Src/main.c **** /**
 142:Core/Src/main.c ****   * @brief System Clock Configuration
 143:Core/Src/main.c ****   * @retval None
 144:Core/Src/main.c ****   */
 145:Core/Src/main.c **** void SystemClock_Config(void)
 146:Core/Src/main.c **** {
 147:Core/Src/main.c ****   RCC_OscInitTypeDef RCC_OscInitStruct = {0};
ARM GAS  /var/folders/yz/d9r1ptpx3b38fsndtcpp09lr0000gn/T//ccpmNHUs.s 			page 4


 148:Core/Src/main.c ****   RCC_ClkInitTypeDef RCC_ClkInitStruct = {0};
 149:Core/Src/main.c **** 
 150:Core/Src/main.c ****   /** Initializes the RCC Oscillators according to the specified parameters
 151:Core/Src/main.c ****   * in the RCC_OscInitTypeDef structure.
 152:Core/Src/main.c ****   */
 153:Core/Src/main.c ****   RCC_OscInitStruct.OscillatorType = RCC_OSCILLATORTYPE_HSE;
 154:Core/Src/main.c ****   RCC_OscInitStruct.HSEState = RCC_HSE_ON;
 155:Core/Src/main.c ****   RCC_OscInitStruct.HSEPredivValue = RCC_HSE_PREDIV_DIV1;
 156:Core/Src/main.c ****   RCC_OscInitStruct.HSIState = RCC_HSI_ON;
 157:Core/Src/main.c ****   RCC_OscInitStruct.PLL.PLLState = RCC_PLL_ON;
 158:Core/Src/main.c ****   RCC_OscInitStruct.PLL.PLLSource = RCC_PLLSOURCE_HSE;
 159:Core/Src/main.c ****   RCC_OscInitStruct.PLL.PLLMUL = RCC_PLL_MUL9;
 160:Core/Src/main.c ****   if (HAL_RCC_OscConfig(&RCC_OscInitStruct) != HAL_OK)
 161:Core/Src/main.c ****   {
 162:Core/Src/main.c ****     Error_Handler();
 163:Core/Src/main.c ****   }
 164:Core/Src/main.c **** 
 165:Core/Src/main.c ****   /** Initializes the CPU, AHB and APB buses clocks
 166:Core/Src/main.c ****   */
 167:Core/Src/main.c ****   RCC_ClkInitStruct.ClockType = RCC_CLOCKTYPE_HCLK|RCC_CLOCKTYPE_SYSCLK
 168:Core/Src/main.c ****                               |RCC_CLOCKTYPE_PCLK1|RCC_CLOCKTYPE_PCLK2;
 169:Core/Src/main.c ****   RCC_ClkInitStruct.SYSCLKSource = RCC_SYSCLKSOURCE_PLLCLK;
 170:Core/Src/main.c ****   RCC_ClkInitStruct.AHBCLKDivider = RCC_SYSCLK_DIV1;
 171:Core/Src/main.c ****   RCC_ClkInitStruct.APB1CLKDivider = RCC_HCLK_DIV2;
 172:Core/Src/main.c ****   RCC_ClkInitStruct.APB2CLKDivider = RCC_HCLK_DIV1;
 173:Core/Src/main.c **** 
 174:Core/Src/main.c ****   if (HAL_RCC_ClockConfig(&RCC_ClkInitStruct, FLASH_LATENCY_2) != HAL_OK)
 175:Core/Src/main.c ****   {
 176:Core/Src/main.c ****     Error_Handler();
 177:Core/Src/main.c ****   }
 178:Core/Src/main.c **** }
 179:Core/Src/main.c **** 
 180:Core/Src/main.c **** /**
 181:Core/Src/main.c ****   * @brief SPI1 Initialization Function
 182:Core/Src/main.c ****   * @param None
 183:Core/Src/main.c ****   * @retval None
 184:Core/Src/main.c ****   */
 185:Core/Src/main.c **** static void MX_SPI1_Init(void)
 186:Core/Src/main.c **** {
 187:Core/Src/main.c **** 
 188:Core/Src/main.c ****   /* USER CODE BEGIN SPI1_Init 0 */
 189:Core/Src/main.c **** 
 190:Core/Src/main.c ****   /* USER CODE END SPI1_Init 0 */
 191:Core/Src/main.c **** 
 192:Core/Src/main.c ****   /* USER CODE BEGIN SPI1_Init 1 */
 193:Core/Src/main.c **** 
 194:Core/Src/main.c ****   /* USER CODE END SPI1_Init 1 */
 195:Core/Src/main.c ****   /* SPI1 parameter configuration*/
 196:Core/Src/main.c ****   hspi1.Instance = SPI1;
 197:Core/Src/main.c ****   hspi1.Init.Mode = SPI_MODE_MASTER;
 198:Core/Src/main.c ****   hspi1.Init.Direction = SPI_DIRECTION_2LINES;
 199:Core/Src/main.c ****   hspi1.Init.DataSize = SPI_DATASIZE_8BIT;
 200:Core/Src/main.c ****   hspi1.Init.CLKPolarity = SPI_POLARITY_LOW;
 201:Core/Src/main.c ****   hspi1.Init.CLKPhase = SPI_PHASE_1EDGE;
 202:Core/Src/main.c ****   hspi1.Init.NSS = SPI_NSS_SOFT;
 203:Core/Src/main.c ****   hspi1.Init.BaudRatePrescaler = SPI_BAUDRATEPRESCALER_64;
 204:Core/Src/main.c ****   hspi1.Init.FirstBit = SPI_FIRSTBIT_MSB;
ARM GAS  /var/folders/yz/d9r1ptpx3b38fsndtcpp09lr0000gn/T//ccpmNHUs.s 			page 5


 205:Core/Src/main.c ****   hspi1.Init.TIMode = SPI_TIMODE_DISABLE;
 206:Core/Src/main.c ****   hspi1.Init.CRCCalculation = SPI_CRCCALCULATION_DISABLE;
 207:Core/Src/main.c ****   hspi1.Init.CRCPolynomial = 10;
 208:Core/Src/main.c ****   if (HAL_SPI_Init(&hspi1) != HAL_OK)
 209:Core/Src/main.c ****   {
 210:Core/Src/main.c ****     Error_Handler();
 211:Core/Src/main.c ****   }
 212:Core/Src/main.c ****   /* USER CODE BEGIN SPI1_Init 2 */
 213:Core/Src/main.c **** 
 214:Core/Src/main.c ****   /* USER CODE END SPI1_Init 2 */
 215:Core/Src/main.c **** 
 216:Core/Src/main.c **** }
 217:Core/Src/main.c **** 
 218:Core/Src/main.c **** /**
 219:Core/Src/main.c ****   * @brief GPIO Initialization Function
 220:Core/Src/main.c ****   * @param None
 221:Core/Src/main.c ****   * @retval None
 222:Core/Src/main.c ****   */
 223:Core/Src/main.c **** static void MX_GPIO_Init(void)
 224:Core/Src/main.c **** {
  26              		.loc 1 224 1 view -0
  27              		.cfi_startproc
  28              		@ args = 0, pretend = 0, frame = 24
  29              		@ frame_needed = 0, uses_anonymous_args = 0
  30 0000 70B5     		push	{r4, r5, r6, lr}
  31              	.LCFI0:
  32              		.cfi_def_cfa_offset 16
  33              		.cfi_offset 4, -16
  34              		.cfi_offset 5, -12
  35              		.cfi_offset 6, -8
  36              		.cfi_offset 14, -4
  37 0002 86B0     		sub	sp, sp, #24
  38              	.LCFI1:
  39              		.cfi_def_cfa_offset 40
 225:Core/Src/main.c ****   GPIO_InitTypeDef GPIO_InitStruct = {0};
  40              		.loc 1 225 3 view .LVU1
  41              		.loc 1 225 20 is_stmt 0 view .LVU2
  42 0004 02AD     		add	r5, sp, #8
  43 0006 0024     		movs	r4, #0
  44 0008 0294     		str	r4, [sp, #8]
  45 000a 0394     		str	r4, [sp, #12]
  46 000c 0494     		str	r4, [sp, #16]
  47 000e 0594     		str	r4, [sp, #20]
 226:Core/Src/main.c ****   /* USER CODE BEGIN MX_GPIO_Init_1 */
 227:Core/Src/main.c **** 
 228:Core/Src/main.c ****   /* USER CODE END MX_GPIO_Init_1 */
 229:Core/Src/main.c **** 
 230:Core/Src/main.c ****   /* GPIO Ports Clock Enable */
 231:Core/Src/main.c ****   __HAL_RCC_GPIOD_CLK_ENABLE();
  48              		.loc 1 231 3 is_stmt 1 view .LVU3
  49              	.LBB4:
  50              		.loc 1 231 3 view .LVU4
  51              		.loc 1 231 3 view .LVU5
  52 0010 124B     		ldr	r3, .L3
  53 0012 9A69     		ldr	r2, [r3, #24]
  54 0014 42F02002 		orr	r2, r2, #32
  55 0018 9A61     		str	r2, [r3, #24]
ARM GAS  /var/folders/yz/d9r1ptpx3b38fsndtcpp09lr0000gn/T//ccpmNHUs.s 			page 6


  56              		.loc 1 231 3 view .LVU6
  57 001a 9A69     		ldr	r2, [r3, #24]
  58 001c 02F02002 		and	r2, r2, #32
  59 0020 0092     		str	r2, [sp]
  60              		.loc 1 231 3 view .LVU7
  61 0022 009A     		ldr	r2, [sp]
  62              	.LBE4:
  63              		.loc 1 231 3 view .LVU8
 232:Core/Src/main.c ****   __HAL_RCC_GPIOA_CLK_ENABLE();
  64              		.loc 1 232 3 view .LVU9
  65              	.LBB5:
  66              		.loc 1 232 3 view .LVU10
  67              		.loc 1 232 3 view .LVU11
  68 0024 9A69     		ldr	r2, [r3, #24]
  69 0026 42F00402 		orr	r2, r2, #4
  70 002a 9A61     		str	r2, [r3, #24]
  71              		.loc 1 232 3 view .LVU12
  72 002c 9B69     		ldr	r3, [r3, #24]
  73 002e 03F00403 		and	r3, r3, #4
  74 0032 0193     		str	r3, [sp, #4]
  75              		.loc 1 232 3 view .LVU13
  76 0034 019B     		ldr	r3, [sp, #4]
  77              	.LBE5:
  78              		.loc 1 232 3 view .LVU14
 233:Core/Src/main.c **** 
 234:Core/Src/main.c ****   /*Configure GPIO pin Output Level */
 235:Core/Src/main.c ****   HAL_GPIO_WritePin(CS_GPIO_Port, CS_Pin, GPIO_PIN_RESET);
  79              		.loc 1 235 3 view .LVU15
  80 0036 0A4E     		ldr	r6, .L3+4
  81 0038 2246     		mov	r2, r4
  82 003a 0421     		movs	r1, #4
  83 003c 3046     		mov	r0, r6
  84 003e FFF7FEFF 		bl	HAL_GPIO_WritePin
  85              	.LVL0:
 236:Core/Src/main.c **** 
 237:Core/Src/main.c ****   /*Configure GPIO pin : CS_Pin */
 238:Core/Src/main.c ****   GPIO_InitStruct.Pin = CS_Pin;
  86              		.loc 1 238 3 view .LVU16
  87              		.loc 1 238 23 is_stmt 0 view .LVU17
  88 0042 0423     		movs	r3, #4
  89 0044 0293     		str	r3, [sp, #8]
 239:Core/Src/main.c ****   GPIO_InitStruct.Mode = GPIO_MODE_OUTPUT_PP;
  90              		.loc 1 239 3 is_stmt 1 view .LVU18
  91              		.loc 1 239 24 is_stmt 0 view .LVU19
  92 0046 0123     		movs	r3, #1
  93 0048 0393     		str	r3, [sp, #12]
 240:Core/Src/main.c ****   GPIO_InitStruct.Pull = GPIO_NOPULL;
  94              		.loc 1 240 3 is_stmt 1 view .LVU20
  95              		.loc 1 240 24 is_stmt 0 view .LVU21
  96 004a 0494     		str	r4, [sp, #16]
 241:Core/Src/main.c ****   GPIO_InitStruct.Speed = GPIO_SPEED_FREQ_LOW;
  97              		.loc 1 241 3 is_stmt 1 view .LVU22
  98              		.loc 1 241 25 is_stmt 0 view .LVU23
  99 004c 0223     		movs	r3, #2
 100 004e 0593     		str	r3, [sp, #20]
 242:Core/Src/main.c ****   HAL_GPIO_Init(CS_GPIO_Port, &GPIO_InitStruct);
 101              		.loc 1 242 3 is_stmt 1 view .LVU24
ARM GAS  /var/folders/yz/d9r1ptpx3b38fsndtcpp09lr0000gn/T//ccpmNHUs.s 			page 7


 102 0050 2946     		mov	r1, r5
 103 0052 3046     		mov	r0, r6
 104 0054 FFF7FEFF 		bl	HAL_GPIO_Init
 105              	.LVL1:
 243:Core/Src/main.c **** 
 244:Core/Src/main.c ****   /* USER CODE BEGIN MX_GPIO_Init_2 */
 245:Core/Src/main.c **** 
 246:Core/Src/main.c ****   /* USER CODE END MX_GPIO_Init_2 */
 247:Core/Src/main.c **** }
 106              		.loc 1 247 1 is_stmt 0 view .LVU25
 107 0058 06B0     		add	sp, sp, #24
 108              	.LCFI2:
 109              		.cfi_def_cfa_offset 16
 110              		@ sp needed
 111 005a 70BD     		pop	{r4, r5, r6, pc}
 112              	.L4:
 113              		.align	2
 114              	.L3:
 115 005c 00100240 		.word	1073876992
 116 0060 00080140 		.word	1073809408
 117              		.cfi_endproc
 118              	.LFE68:
 120              		.section	.text.Error_Handler,"ax",%progbits
 121              		.align	1
 122              		.global	Error_Handler
 123              		.syntax unified
 124              		.thumb
 125              		.thumb_func
 127              	Error_Handler:
 128              	.LFB69:
 248:Core/Src/main.c **** 
 249:Core/Src/main.c **** /* USER CODE BEGIN 4 */
 250:Core/Src/main.c **** 
 251:Core/Src/main.c **** /* USER CODE END 4 */
 252:Core/Src/main.c **** 
 253:Core/Src/main.c **** /**
 254:Core/Src/main.c ****   * @brief  This function is executed in case of error occurrence.
 255:Core/Src/main.c ****   * @retval None
 256:Core/Src/main.c ****   */
 257:Core/Src/main.c **** void Error_Handler(void)
 258:Core/Src/main.c **** {
 129              		.loc 1 258 1 is_stmt 1 view -0
 130              		.cfi_startproc
 131              		@ Volatile: function does not return.
 132              		@ args = 0, pretend = 0, frame = 0
 133              		@ frame_needed = 0, uses_anonymous_args = 0
 134              		@ link register save eliminated.
 259:Core/Src/main.c ****   /* USER CODE BEGIN Error_Handler_Debug */
 260:Core/Src/main.c ****   /* User can add his own implementation to report the HAL error return state */
 261:Core/Src/main.c ****   __disable_irq();
 135              		.loc 1 261 3 view .LVU27
 136              	.LBB6:
 137              	.LBI6:
 138              		.file 2 "Drivers/CMSIS/Include/cmsis_gcc.h"
   1:Drivers/CMSIS/Include/cmsis_gcc.h **** /**************************************************************************//**
   2:Drivers/CMSIS/Include/cmsis_gcc.h ****  * @file     cmsis_gcc.h
   3:Drivers/CMSIS/Include/cmsis_gcc.h ****  * @brief    CMSIS compiler GCC header file
ARM GAS  /var/folders/yz/d9r1ptpx3b38fsndtcpp09lr0000gn/T//ccpmNHUs.s 			page 8


   4:Drivers/CMSIS/Include/cmsis_gcc.h ****  * @version  V5.0.4
   5:Drivers/CMSIS/Include/cmsis_gcc.h ****  * @date     09. April 2018
   6:Drivers/CMSIS/Include/cmsis_gcc.h ****  ******************************************************************************/
   7:Drivers/CMSIS/Include/cmsis_gcc.h **** /*
   8:Drivers/CMSIS/Include/cmsis_gcc.h ****  * Copyright (c) 2009-2018 Arm Limited. All rights reserved.
   9:Drivers/CMSIS/Include/cmsis_gcc.h ****  *
  10:Drivers/CMSIS/Include/cmsis_gcc.h ****  * SPDX-License-Identifier: Apache-2.0
  11:Drivers/CMSIS/Include/cmsis_gcc.h ****  *
  12:Drivers/CMSIS/Include/cmsis_gcc.h ****  * Licensed under the Apache License, Version 2.0 (the License); you may
  13:Drivers/CMSIS/Include/cmsis_gcc.h ****  * not use this file except in compliance with the License.
  14:Drivers/CMSIS/Include/cmsis_gcc.h ****  * You may obtain a copy of the License at
  15:Drivers/CMSIS/Include/cmsis_gcc.h ****  *
  16:Drivers/CMSIS/Include/cmsis_gcc.h ****  * www.apache.org/licenses/LICENSE-2.0
  17:Drivers/CMSIS/Include/cmsis_gcc.h ****  *
  18:Drivers/CMSIS/Include/cmsis_gcc.h ****  * Unless required by applicable law or agreed to in writing, software
  19:Drivers/CMSIS/Include/cmsis_gcc.h ****  * distributed under the License is distributed on an AS IS BASIS, WITHOUT
  20:Drivers/CMSIS/Include/cmsis_gcc.h ****  * WARRANTIES OR CONDITIONS OF ANY KIND, either express or implied.
  21:Drivers/CMSIS/Include/cmsis_gcc.h ****  * See the License for the specific language governing permissions and
  22:Drivers/CMSIS/Include/cmsis_gcc.h ****  * limitations under the License.
  23:Drivers/CMSIS/Include/cmsis_gcc.h ****  */
  24:Drivers/CMSIS/Include/cmsis_gcc.h **** 
  25:Drivers/CMSIS/Include/cmsis_gcc.h **** #ifndef __CMSIS_GCC_H
  26:Drivers/CMSIS/Include/cmsis_gcc.h **** #define __CMSIS_GCC_H
  27:Drivers/CMSIS/Include/cmsis_gcc.h **** 
  28:Drivers/CMSIS/Include/cmsis_gcc.h **** /* ignore some GCC warnings */
  29:Drivers/CMSIS/Include/cmsis_gcc.h **** #pragma GCC diagnostic push
  30:Drivers/CMSIS/Include/cmsis_gcc.h **** #pragma GCC diagnostic ignored "-Wsign-conversion"
  31:Drivers/CMSIS/Include/cmsis_gcc.h **** #pragma GCC diagnostic ignored "-Wconversion"
  32:Drivers/CMSIS/Include/cmsis_gcc.h **** #pragma GCC diagnostic ignored "-Wunused-parameter"
  33:Drivers/CMSIS/Include/cmsis_gcc.h **** 
  34:Drivers/CMSIS/Include/cmsis_gcc.h **** /* Fallback for __has_builtin */
  35:Drivers/CMSIS/Include/cmsis_gcc.h **** #ifndef __has_builtin
  36:Drivers/CMSIS/Include/cmsis_gcc.h ****   #define __has_builtin(x) (0)
  37:Drivers/CMSIS/Include/cmsis_gcc.h **** #endif
  38:Drivers/CMSIS/Include/cmsis_gcc.h **** 
  39:Drivers/CMSIS/Include/cmsis_gcc.h **** /* CMSIS compiler specific defines */
  40:Drivers/CMSIS/Include/cmsis_gcc.h **** #ifndef   __ASM
  41:Drivers/CMSIS/Include/cmsis_gcc.h ****   #define __ASM                                  __asm
  42:Drivers/CMSIS/Include/cmsis_gcc.h **** #endif
  43:Drivers/CMSIS/Include/cmsis_gcc.h **** #ifndef   __INLINE
  44:Drivers/CMSIS/Include/cmsis_gcc.h ****   #define __INLINE                               inline
  45:Drivers/CMSIS/Include/cmsis_gcc.h **** #endif
  46:Drivers/CMSIS/Include/cmsis_gcc.h **** #ifndef   __STATIC_INLINE
  47:Drivers/CMSIS/Include/cmsis_gcc.h ****   #define __STATIC_INLINE                        static inline
  48:Drivers/CMSIS/Include/cmsis_gcc.h **** #endif
  49:Drivers/CMSIS/Include/cmsis_gcc.h **** #ifndef   __STATIC_FORCEINLINE                 
  50:Drivers/CMSIS/Include/cmsis_gcc.h ****   #define __STATIC_FORCEINLINE                   __attribute__((always_inline)) static inline
  51:Drivers/CMSIS/Include/cmsis_gcc.h **** #endif                                           
  52:Drivers/CMSIS/Include/cmsis_gcc.h **** #ifndef   __NO_RETURN
  53:Drivers/CMSIS/Include/cmsis_gcc.h ****   #define __NO_RETURN                            __attribute__((__noreturn__))
  54:Drivers/CMSIS/Include/cmsis_gcc.h **** #endif
  55:Drivers/CMSIS/Include/cmsis_gcc.h **** #ifndef   __USED
  56:Drivers/CMSIS/Include/cmsis_gcc.h ****   #define __USED                                 __attribute__((used))
  57:Drivers/CMSIS/Include/cmsis_gcc.h **** #endif
  58:Drivers/CMSIS/Include/cmsis_gcc.h **** #ifndef   __WEAK
  59:Drivers/CMSIS/Include/cmsis_gcc.h ****   #define __WEAK                                 __attribute__((weak))
  60:Drivers/CMSIS/Include/cmsis_gcc.h **** #endif
ARM GAS  /var/folders/yz/d9r1ptpx3b38fsndtcpp09lr0000gn/T//ccpmNHUs.s 			page 9


  61:Drivers/CMSIS/Include/cmsis_gcc.h **** #ifndef   __PACKED
  62:Drivers/CMSIS/Include/cmsis_gcc.h ****   #define __PACKED                               __attribute__((packed, aligned(1)))
  63:Drivers/CMSIS/Include/cmsis_gcc.h **** #endif
  64:Drivers/CMSIS/Include/cmsis_gcc.h **** #ifndef   __PACKED_STRUCT
  65:Drivers/CMSIS/Include/cmsis_gcc.h ****   #define __PACKED_STRUCT                        struct __attribute__((packed, aligned(1)))
  66:Drivers/CMSIS/Include/cmsis_gcc.h **** #endif
  67:Drivers/CMSIS/Include/cmsis_gcc.h **** #ifndef   __PACKED_UNION
  68:Drivers/CMSIS/Include/cmsis_gcc.h ****   #define __PACKED_UNION                         union __attribute__((packed, aligned(1)))
  69:Drivers/CMSIS/Include/cmsis_gcc.h **** #endif
  70:Drivers/CMSIS/Include/cmsis_gcc.h **** #ifndef   __UNALIGNED_UINT32        /* deprecated */
  71:Drivers/CMSIS/Include/cmsis_gcc.h ****   #pragma GCC diagnostic push
  72:Drivers/CMSIS/Include/cmsis_gcc.h ****   #pragma GCC diagnostic ignored "-Wpacked"
  73:Drivers/CMSIS/Include/cmsis_gcc.h ****   #pragma GCC diagnostic ignored "-Wattributes"
  74:Drivers/CMSIS/Include/cmsis_gcc.h ****   struct __attribute__((packed)) T_UINT32 { uint32_t v; };
  75:Drivers/CMSIS/Include/cmsis_gcc.h ****   #pragma GCC diagnostic pop
  76:Drivers/CMSIS/Include/cmsis_gcc.h ****   #define __UNALIGNED_UINT32(x)                  (((struct T_UINT32 *)(x))->v)
  77:Drivers/CMSIS/Include/cmsis_gcc.h **** #endif
  78:Drivers/CMSIS/Include/cmsis_gcc.h **** #ifndef   __UNALIGNED_UINT16_WRITE
  79:Drivers/CMSIS/Include/cmsis_gcc.h ****   #pragma GCC diagnostic push
  80:Drivers/CMSIS/Include/cmsis_gcc.h ****   #pragma GCC diagnostic ignored "-Wpacked"
  81:Drivers/CMSIS/Include/cmsis_gcc.h ****   #pragma GCC diagnostic ignored "-Wattributes"
  82:Drivers/CMSIS/Include/cmsis_gcc.h ****   __PACKED_STRUCT T_UINT16_WRITE { uint16_t v; };
  83:Drivers/CMSIS/Include/cmsis_gcc.h ****   #pragma GCC diagnostic pop
  84:Drivers/CMSIS/Include/cmsis_gcc.h ****   #define __UNALIGNED_UINT16_WRITE(addr, val)    (void)((((struct T_UINT16_WRITE *)(void *)(addr))-
  85:Drivers/CMSIS/Include/cmsis_gcc.h **** #endif
  86:Drivers/CMSIS/Include/cmsis_gcc.h **** #ifndef   __UNALIGNED_UINT16_READ
  87:Drivers/CMSIS/Include/cmsis_gcc.h ****   #pragma GCC diagnostic push
  88:Drivers/CMSIS/Include/cmsis_gcc.h ****   #pragma GCC diagnostic ignored "-Wpacked"
  89:Drivers/CMSIS/Include/cmsis_gcc.h ****   #pragma GCC diagnostic ignored "-Wattributes"
  90:Drivers/CMSIS/Include/cmsis_gcc.h ****   __PACKED_STRUCT T_UINT16_READ { uint16_t v; };
  91:Drivers/CMSIS/Include/cmsis_gcc.h ****   #pragma GCC diagnostic pop
  92:Drivers/CMSIS/Include/cmsis_gcc.h ****   #define __UNALIGNED_UINT16_READ(addr)          (((const struct T_UINT16_READ *)(const void *)(add
  93:Drivers/CMSIS/Include/cmsis_gcc.h **** #endif
  94:Drivers/CMSIS/Include/cmsis_gcc.h **** #ifndef   __UNALIGNED_UINT32_WRITE
  95:Drivers/CMSIS/Include/cmsis_gcc.h ****   #pragma GCC diagnostic push
  96:Drivers/CMSIS/Include/cmsis_gcc.h ****   #pragma GCC diagnostic ignored "-Wpacked"
  97:Drivers/CMSIS/Include/cmsis_gcc.h ****   #pragma GCC diagnostic ignored "-Wattributes"
  98:Drivers/CMSIS/Include/cmsis_gcc.h ****   __PACKED_STRUCT T_UINT32_WRITE { uint32_t v; };
  99:Drivers/CMSIS/Include/cmsis_gcc.h ****   #pragma GCC diagnostic pop
 100:Drivers/CMSIS/Include/cmsis_gcc.h ****   #define __UNALIGNED_UINT32_WRITE(addr, val)    (void)((((struct T_UINT32_WRITE *)(void *)(addr))-
 101:Drivers/CMSIS/Include/cmsis_gcc.h **** #endif
 102:Drivers/CMSIS/Include/cmsis_gcc.h **** #ifndef   __UNALIGNED_UINT32_READ
 103:Drivers/CMSIS/Include/cmsis_gcc.h ****   #pragma GCC diagnostic push
 104:Drivers/CMSIS/Include/cmsis_gcc.h ****   #pragma GCC diagnostic ignored "-Wpacked"
 105:Drivers/CMSIS/Include/cmsis_gcc.h ****   #pragma GCC diagnostic ignored "-Wattributes"
 106:Drivers/CMSIS/Include/cmsis_gcc.h ****   __PACKED_STRUCT T_UINT32_READ { uint32_t v; };
 107:Drivers/CMSIS/Include/cmsis_gcc.h ****   #pragma GCC diagnostic pop
 108:Drivers/CMSIS/Include/cmsis_gcc.h ****   #define __UNALIGNED_UINT32_READ(addr)          (((const struct T_UINT32_READ *)(const void *)(add
 109:Drivers/CMSIS/Include/cmsis_gcc.h **** #endif
 110:Drivers/CMSIS/Include/cmsis_gcc.h **** #ifndef   __ALIGNED
 111:Drivers/CMSIS/Include/cmsis_gcc.h ****   #define __ALIGNED(x)                           __attribute__((aligned(x)))
 112:Drivers/CMSIS/Include/cmsis_gcc.h **** #endif
 113:Drivers/CMSIS/Include/cmsis_gcc.h **** #ifndef   __RESTRICT
 114:Drivers/CMSIS/Include/cmsis_gcc.h ****   #define __RESTRICT                             __restrict
 115:Drivers/CMSIS/Include/cmsis_gcc.h **** #endif
 116:Drivers/CMSIS/Include/cmsis_gcc.h **** 
 117:Drivers/CMSIS/Include/cmsis_gcc.h **** 
ARM GAS  /var/folders/yz/d9r1ptpx3b38fsndtcpp09lr0000gn/T//ccpmNHUs.s 			page 10


 118:Drivers/CMSIS/Include/cmsis_gcc.h **** /* ###########################  Core Function Access  ########################### */
 119:Drivers/CMSIS/Include/cmsis_gcc.h **** /** \ingroup  CMSIS_Core_FunctionInterface
 120:Drivers/CMSIS/Include/cmsis_gcc.h ****     \defgroup CMSIS_Core_RegAccFunctions CMSIS Core Register Access Functions
 121:Drivers/CMSIS/Include/cmsis_gcc.h ****   @{
 122:Drivers/CMSIS/Include/cmsis_gcc.h ****  */
 123:Drivers/CMSIS/Include/cmsis_gcc.h **** 
 124:Drivers/CMSIS/Include/cmsis_gcc.h **** /**
 125:Drivers/CMSIS/Include/cmsis_gcc.h ****   \brief   Enable IRQ Interrupts
 126:Drivers/CMSIS/Include/cmsis_gcc.h ****   \details Enables IRQ interrupts by clearing the I-bit in the CPSR.
 127:Drivers/CMSIS/Include/cmsis_gcc.h ****            Can only be executed in Privileged modes.
 128:Drivers/CMSIS/Include/cmsis_gcc.h ****  */
 129:Drivers/CMSIS/Include/cmsis_gcc.h **** __STATIC_FORCEINLINE void __enable_irq(void)
 130:Drivers/CMSIS/Include/cmsis_gcc.h **** {
 131:Drivers/CMSIS/Include/cmsis_gcc.h ****   __ASM volatile ("cpsie i" : : : "memory");
 132:Drivers/CMSIS/Include/cmsis_gcc.h **** }
 133:Drivers/CMSIS/Include/cmsis_gcc.h **** 
 134:Drivers/CMSIS/Include/cmsis_gcc.h **** 
 135:Drivers/CMSIS/Include/cmsis_gcc.h **** /**
 136:Drivers/CMSIS/Include/cmsis_gcc.h ****   \brief   Disable IRQ Interrupts
 137:Drivers/CMSIS/Include/cmsis_gcc.h ****   \details Disables IRQ interrupts by setting the I-bit in the CPSR.
 138:Drivers/CMSIS/Include/cmsis_gcc.h ****            Can only be executed in Privileged modes.
 139:Drivers/CMSIS/Include/cmsis_gcc.h ****  */
 140:Drivers/CMSIS/Include/cmsis_gcc.h **** __STATIC_FORCEINLINE void __disable_irq(void)
 139              		.loc 2 140 27 view .LVU28
 140              	.LBB7:
 141:Drivers/CMSIS/Include/cmsis_gcc.h **** {
 142:Drivers/CMSIS/Include/cmsis_gcc.h ****   __ASM volatile ("cpsid i" : : : "memory");
 141              		.loc 2 142 3 view .LVU29
 142              		.syntax unified
 143              	@ 142 "Drivers/CMSIS/Include/cmsis_gcc.h" 1
 144 0000 72B6     		cpsid i
 145              	@ 0 "" 2
 146              		.thumb
 147              		.syntax unified
 148              	.L6:
 149              	.LBE7:
 150              	.LBE6:
 262:Core/Src/main.c ****   while (1)
 151              		.loc 1 262 3 view .LVU30
 263:Core/Src/main.c ****   {
 264:Core/Src/main.c ****   }
 152              		.loc 1 264 3 view .LVU31
 262:Core/Src/main.c ****   while (1)
 153              		.loc 1 262 9 view .LVU32
 154 0002 FEE7     		b	.L6
 155              		.cfi_endproc
 156              	.LFE69:
 158              		.section	.text.MX_SPI1_Init,"ax",%progbits
 159              		.align	1
 160              		.syntax unified
 161              		.thumb
 162              		.thumb_func
 164              	MX_SPI1_Init:
 165              	.LFB67:
 186:Core/Src/main.c **** 
 166              		.loc 1 186 1 view -0
 167              		.cfi_startproc
ARM GAS  /var/folders/yz/d9r1ptpx3b38fsndtcpp09lr0000gn/T//ccpmNHUs.s 			page 11


 168              		@ args = 0, pretend = 0, frame = 0
 169              		@ frame_needed = 0, uses_anonymous_args = 0
 170 0000 08B5     		push	{r3, lr}
 171              	.LCFI3:
 172              		.cfi_def_cfa_offset 8
 173              		.cfi_offset 3, -8
 174              		.cfi_offset 14, -4
 196:Core/Src/main.c ****   hspi1.Init.Mode = SPI_MODE_MASTER;
 175              		.loc 1 196 3 view .LVU34
 196:Core/Src/main.c ****   hspi1.Init.Mode = SPI_MODE_MASTER;
 176              		.loc 1 196 18 is_stmt 0 view .LVU35
 177 0002 0D48     		ldr	r0, .L11
 178 0004 0D4B     		ldr	r3, .L11+4
 179 0006 0360     		str	r3, [r0]
 197:Core/Src/main.c ****   hspi1.Init.Direction = SPI_DIRECTION_2LINES;
 180              		.loc 1 197 3 is_stmt 1 view .LVU36
 197:Core/Src/main.c ****   hspi1.Init.Direction = SPI_DIRECTION_2LINES;
 181              		.loc 1 197 19 is_stmt 0 view .LVU37
 182 0008 4FF48273 		mov	r3, #260
 183 000c 4360     		str	r3, [r0, #4]
 198:Core/Src/main.c ****   hspi1.Init.DataSize = SPI_DATASIZE_8BIT;
 184              		.loc 1 198 3 is_stmt 1 view .LVU38
 198:Core/Src/main.c ****   hspi1.Init.DataSize = SPI_DATASIZE_8BIT;
 185              		.loc 1 198 24 is_stmt 0 view .LVU39
 186 000e 0023     		movs	r3, #0
 187 0010 8360     		str	r3, [r0, #8]
 199:Core/Src/main.c ****   hspi1.Init.CLKPolarity = SPI_POLARITY_LOW;
 188              		.loc 1 199 3 is_stmt 1 view .LVU40
 199:Core/Src/main.c ****   hspi1.Init.CLKPolarity = SPI_POLARITY_LOW;
 189              		.loc 1 199 23 is_stmt 0 view .LVU41
 190 0012 C360     		str	r3, [r0, #12]
 200:Core/Src/main.c ****   hspi1.Init.CLKPhase = SPI_PHASE_1EDGE;
 191              		.loc 1 200 3 is_stmt 1 view .LVU42
 200:Core/Src/main.c ****   hspi1.Init.CLKPhase = SPI_PHASE_1EDGE;
 192              		.loc 1 200 26 is_stmt 0 view .LVU43
 193 0014 0361     		str	r3, [r0, #16]
 201:Core/Src/main.c ****   hspi1.Init.NSS = SPI_NSS_SOFT;
 194              		.loc 1 201 3 is_stmt 1 view .LVU44
 201:Core/Src/main.c ****   hspi1.Init.NSS = SPI_NSS_SOFT;
 195              		.loc 1 201 23 is_stmt 0 view .LVU45
 196 0016 4361     		str	r3, [r0, #20]
 202:Core/Src/main.c ****   hspi1.Init.BaudRatePrescaler = SPI_BAUDRATEPRESCALER_64;
 197              		.loc 1 202 3 is_stmt 1 view .LVU46
 202:Core/Src/main.c ****   hspi1.Init.BaudRatePrescaler = SPI_BAUDRATEPRESCALER_64;
 198              		.loc 1 202 18 is_stmt 0 view .LVU47
 199 0018 4FF40072 		mov	r2, #512
 200 001c 8261     		str	r2, [r0, #24]
 203:Core/Src/main.c ****   hspi1.Init.FirstBit = SPI_FIRSTBIT_MSB;
 201              		.loc 1 203 3 is_stmt 1 view .LVU48
 203:Core/Src/main.c ****   hspi1.Init.FirstBit = SPI_FIRSTBIT_MSB;
 202              		.loc 1 203 32 is_stmt 0 view .LVU49
 203 001e 2822     		movs	r2, #40
 204 0020 C261     		str	r2, [r0, #28]
 204:Core/Src/main.c ****   hspi1.Init.TIMode = SPI_TIMODE_DISABLE;
 205              		.loc 1 204 3 is_stmt 1 view .LVU50
 204:Core/Src/main.c ****   hspi1.Init.TIMode = SPI_TIMODE_DISABLE;
 206              		.loc 1 204 23 is_stmt 0 view .LVU51
ARM GAS  /var/folders/yz/d9r1ptpx3b38fsndtcpp09lr0000gn/T//ccpmNHUs.s 			page 12


 207 0022 0362     		str	r3, [r0, #32]
 205:Core/Src/main.c ****   hspi1.Init.CRCCalculation = SPI_CRCCALCULATION_DISABLE;
 208              		.loc 1 205 3 is_stmt 1 view .LVU52
 205:Core/Src/main.c ****   hspi1.Init.CRCCalculation = SPI_CRCCALCULATION_DISABLE;
 209              		.loc 1 205 21 is_stmt 0 view .LVU53
 210 0024 4362     		str	r3, [r0, #36]
 206:Core/Src/main.c ****   hspi1.Init.CRCPolynomial = 10;
 211              		.loc 1 206 3 is_stmt 1 view .LVU54
 206:Core/Src/main.c ****   hspi1.Init.CRCPolynomial = 10;
 212              		.loc 1 206 29 is_stmt 0 view .LVU55
 213 0026 8362     		str	r3, [r0, #40]
 207:Core/Src/main.c ****   if (HAL_SPI_Init(&hspi1) != HAL_OK)
 214              		.loc 1 207 3 is_stmt 1 view .LVU56
 207:Core/Src/main.c ****   if (HAL_SPI_Init(&hspi1) != HAL_OK)
 215              		.loc 1 207 28 is_stmt 0 view .LVU57
 216 0028 0A23     		movs	r3, #10
 217 002a C362     		str	r3, [r0, #44]
 208:Core/Src/main.c ****   {
 218              		.loc 1 208 3 is_stmt 1 view .LVU58
 208:Core/Src/main.c ****   {
 219              		.loc 1 208 7 is_stmt 0 view .LVU59
 220 002c FFF7FEFF 		bl	HAL_SPI_Init
 221              	.LVL2:
 208:Core/Src/main.c ****   {
 222              		.loc 1 208 6 discriminator 1 view .LVU60
 223 0030 00B9     		cbnz	r0, .L10
 216:Core/Src/main.c **** 
 224              		.loc 1 216 1 view .LVU61
 225 0032 08BD     		pop	{r3, pc}
 226              	.L10:
 210:Core/Src/main.c ****   }
 227              		.loc 1 210 5 is_stmt 1 view .LVU62
 228 0034 FFF7FEFF 		bl	Error_Handler
 229              	.LVL3:
 230              	.L12:
 231              		.align	2
 232              	.L11:
 233 0038 00000000 		.word	hspi1
 234 003c 00300140 		.word	1073819648
 235              		.cfi_endproc
 236              	.LFE67:
 238              		.section	.text.SystemClock_Config,"ax",%progbits
 239              		.align	1
 240              		.global	SystemClock_Config
 241              		.syntax unified
 242              		.thumb
 243              		.thumb_func
 245              	SystemClock_Config:
 246              	.LFB66:
 146:Core/Src/main.c ****   RCC_OscInitTypeDef RCC_OscInitStruct = {0};
 247              		.loc 1 146 1 view -0
 248              		.cfi_startproc
 249              		@ args = 0, pretend = 0, frame = 64
 250              		@ frame_needed = 0, uses_anonymous_args = 0
 251 0000 10B5     		push	{r4, lr}
 252              	.LCFI4:
 253              		.cfi_def_cfa_offset 8
ARM GAS  /var/folders/yz/d9r1ptpx3b38fsndtcpp09lr0000gn/T//ccpmNHUs.s 			page 13


 254              		.cfi_offset 4, -8
 255              		.cfi_offset 14, -4
 256 0002 90B0     		sub	sp, sp, #64
 257              	.LCFI5:
 258              		.cfi_def_cfa_offset 72
 147:Core/Src/main.c ****   RCC_ClkInitTypeDef RCC_ClkInitStruct = {0};
 259              		.loc 1 147 3 view .LVU64
 147:Core/Src/main.c ****   RCC_ClkInitTypeDef RCC_ClkInitStruct = {0};
 260              		.loc 1 147 22 is_stmt 0 view .LVU65
 261 0004 06AC     		add	r4, sp, #24
 262 0006 2822     		movs	r2, #40
 263 0008 0021     		movs	r1, #0
 264 000a 2046     		mov	r0, r4
 265 000c FFF7FEFF 		bl	memset
 266              	.LVL4:
 148:Core/Src/main.c **** 
 267              		.loc 1 148 3 is_stmt 1 view .LVU66
 148:Core/Src/main.c **** 
 268              		.loc 1 148 22 is_stmt 0 view .LVU67
 269 0010 0023     		movs	r3, #0
 270 0012 0193     		str	r3, [sp, #4]
 271 0014 0293     		str	r3, [sp, #8]
 272 0016 0393     		str	r3, [sp, #12]
 273 0018 0493     		str	r3, [sp, #16]
 274 001a 0593     		str	r3, [sp, #20]
 153:Core/Src/main.c ****   RCC_OscInitStruct.HSEState = RCC_HSE_ON;
 275              		.loc 1 153 3 is_stmt 1 view .LVU68
 153:Core/Src/main.c ****   RCC_OscInitStruct.HSEState = RCC_HSE_ON;
 276              		.loc 1 153 36 is_stmt 0 view .LVU69
 277 001c 0122     		movs	r2, #1
 278 001e 0692     		str	r2, [sp, #24]
 154:Core/Src/main.c ****   RCC_OscInitStruct.HSEPredivValue = RCC_HSE_PREDIV_DIV1;
 279              		.loc 1 154 3 is_stmt 1 view .LVU70
 154:Core/Src/main.c ****   RCC_OscInitStruct.HSEPredivValue = RCC_HSE_PREDIV_DIV1;
 280              		.loc 1 154 30 is_stmt 0 view .LVU71
 281 0020 4FF48033 		mov	r3, #65536
 282 0024 0793     		str	r3, [sp, #28]
 155:Core/Src/main.c ****   RCC_OscInitStruct.HSIState = RCC_HSI_ON;
 283              		.loc 1 155 3 is_stmt 1 view .LVU72
 156:Core/Src/main.c ****   RCC_OscInitStruct.PLL.PLLState = RCC_PLL_ON;
 284              		.loc 1 156 3 view .LVU73
 156:Core/Src/main.c ****   RCC_OscInitStruct.PLL.PLLState = RCC_PLL_ON;
 285              		.loc 1 156 30 is_stmt 0 view .LVU74
 286 0026 0A92     		str	r2, [sp, #40]
 157:Core/Src/main.c ****   RCC_OscInitStruct.PLL.PLLSource = RCC_PLLSOURCE_HSE;
 287              		.loc 1 157 3 is_stmt 1 view .LVU75
 157:Core/Src/main.c ****   RCC_OscInitStruct.PLL.PLLSource = RCC_PLLSOURCE_HSE;
 288              		.loc 1 157 34 is_stmt 0 view .LVU76
 289 0028 0222     		movs	r2, #2
 290 002a 0D92     		str	r2, [sp, #52]
 158:Core/Src/main.c ****   RCC_OscInitStruct.PLL.PLLMUL = RCC_PLL_MUL9;
 291              		.loc 1 158 3 is_stmt 1 view .LVU77
 158:Core/Src/main.c ****   RCC_OscInitStruct.PLL.PLLMUL = RCC_PLL_MUL9;
 292              		.loc 1 158 35 is_stmt 0 view .LVU78
 293 002c 0E93     		str	r3, [sp, #56]
 159:Core/Src/main.c ****   if (HAL_RCC_OscConfig(&RCC_OscInitStruct) != HAL_OK)
 294              		.loc 1 159 3 is_stmt 1 view .LVU79
ARM GAS  /var/folders/yz/d9r1ptpx3b38fsndtcpp09lr0000gn/T//ccpmNHUs.s 			page 14


 159:Core/Src/main.c ****   if (HAL_RCC_OscConfig(&RCC_OscInitStruct) != HAL_OK)
 295              		.loc 1 159 32 is_stmt 0 view .LVU80
 296 002e 4FF4E013 		mov	r3, #1835008
 297 0032 0F93     		str	r3, [sp, #60]
 160:Core/Src/main.c ****   {
 298              		.loc 1 160 3 is_stmt 1 view .LVU81
 160:Core/Src/main.c ****   {
 299              		.loc 1 160 7 is_stmt 0 view .LVU82
 300 0034 2046     		mov	r0, r4
 301 0036 FFF7FEFF 		bl	HAL_RCC_OscConfig
 302              	.LVL5:
 160:Core/Src/main.c ****   {
 303              		.loc 1 160 6 discriminator 1 view .LVU83
 304 003a 78B9     		cbnz	r0, .L17
 167:Core/Src/main.c ****                               |RCC_CLOCKTYPE_PCLK1|RCC_CLOCKTYPE_PCLK2;
 305              		.loc 1 167 3 is_stmt 1 view .LVU84
 167:Core/Src/main.c ****                               |RCC_CLOCKTYPE_PCLK1|RCC_CLOCKTYPE_PCLK2;
 306              		.loc 1 167 31 is_stmt 0 view .LVU85
 307 003c 0F23     		movs	r3, #15
 308 003e 0193     		str	r3, [sp, #4]
 169:Core/Src/main.c ****   RCC_ClkInitStruct.AHBCLKDivider = RCC_SYSCLK_DIV1;
 309              		.loc 1 169 3 is_stmt 1 view .LVU86
 169:Core/Src/main.c ****   RCC_ClkInitStruct.AHBCLKDivider = RCC_SYSCLK_DIV1;
 310              		.loc 1 169 34 is_stmt 0 view .LVU87
 311 0040 0221     		movs	r1, #2
 312 0042 0291     		str	r1, [sp, #8]
 170:Core/Src/main.c ****   RCC_ClkInitStruct.APB1CLKDivider = RCC_HCLK_DIV2;
 313              		.loc 1 170 3 is_stmt 1 view .LVU88
 170:Core/Src/main.c ****   RCC_ClkInitStruct.APB1CLKDivider = RCC_HCLK_DIV2;
 314              		.loc 1 170 35 is_stmt 0 view .LVU89
 315 0044 0023     		movs	r3, #0
 316 0046 0393     		str	r3, [sp, #12]
 171:Core/Src/main.c ****   RCC_ClkInitStruct.APB2CLKDivider = RCC_HCLK_DIV1;
 317              		.loc 1 171 3 is_stmt 1 view .LVU90
 171:Core/Src/main.c ****   RCC_ClkInitStruct.APB2CLKDivider = RCC_HCLK_DIV1;
 318              		.loc 1 171 36 is_stmt 0 view .LVU91
 319 0048 4FF48062 		mov	r2, #1024
 320 004c 0492     		str	r2, [sp, #16]
 172:Core/Src/main.c **** 
 321              		.loc 1 172 3 is_stmt 1 view .LVU92
 172:Core/Src/main.c **** 
 322              		.loc 1 172 36 is_stmt 0 view .LVU93
 323 004e 0593     		str	r3, [sp, #20]
 174:Core/Src/main.c ****   {
 324              		.loc 1 174 3 is_stmt 1 view .LVU94
 174:Core/Src/main.c ****   {
 325              		.loc 1 174 7 is_stmt 0 view .LVU95
 326 0050 01A8     		add	r0, sp, #4
 327 0052 FFF7FEFF 		bl	HAL_RCC_ClockConfig
 328              	.LVL6:
 174:Core/Src/main.c ****   {
 329              		.loc 1 174 6 discriminator 1 view .LVU96
 330 0056 18B9     		cbnz	r0, .L18
 178:Core/Src/main.c **** 
 331              		.loc 1 178 1 view .LVU97
 332 0058 10B0     		add	sp, sp, #64
 333              	.LCFI6:
ARM GAS  /var/folders/yz/d9r1ptpx3b38fsndtcpp09lr0000gn/T//ccpmNHUs.s 			page 15


 334              		.cfi_remember_state
 335              		.cfi_def_cfa_offset 8
 336              		@ sp needed
 337 005a 10BD     		pop	{r4, pc}
 338              	.L17:
 339              	.LCFI7:
 340              		.cfi_restore_state
 162:Core/Src/main.c ****   }
 341              		.loc 1 162 5 is_stmt 1 view .LVU98
 342 005c FFF7FEFF 		bl	Error_Handler
 343              	.LVL7:
 344              	.L18:
 176:Core/Src/main.c ****   }
 345              		.loc 1 176 5 view .LVU99
 346 0060 FFF7FEFF 		bl	Error_Handler
 347              	.LVL8:
 348              		.cfi_endproc
 349              	.LFE66:
 351              		.section	.text.main,"ax",%progbits
 352              		.align	1
 353              		.global	main
 354              		.syntax unified
 355              		.thumb
 356              		.thumb_func
 358              	main:
 359              	.LFB65:
  68:Core/Src/main.c **** 
 360              		.loc 1 68 1 view -0
 361              		.cfi_startproc
 362              		@ args = 0, pretend = 0, frame = 64
 363              		@ frame_needed = 0, uses_anonymous_args = 0
 364 0000 70B5     		push	{r4, r5, r6, lr}
 365              	.LCFI8:
 366              		.cfi_def_cfa_offset 16
 367              		.cfi_offset 4, -16
 368              		.cfi_offset 5, -12
 369              		.cfi_offset 6, -8
 370              		.cfi_offset 14, -4
 371 0002 90B0     		sub	sp, sp, #64
 372              	.LCFI9:
 373              		.cfi_def_cfa_offset 80
  77:Core/Src/main.c **** 
 374              		.loc 1 77 3 view .LVU101
 375 0004 FFF7FEFF 		bl	HAL_Init
 376              	.LVL9:
  84:Core/Src/main.c **** 
 377              		.loc 1 84 3 view .LVU102
 378 0008 FFF7FEFF 		bl	SystemClock_Config
 379              	.LVL10:
  91:Core/Src/main.c ****   MX_SPI1_Init();
 380              		.loc 1 91 3 view .LVU103
 381 000c FFF7FEFF 		bl	MX_GPIO_Init
 382              	.LVL11:
  92:Core/Src/main.c ****   /* USER CODE BEGIN 2 */
 383              		.loc 1 92 3 view .LVU104
 384 0010 FFF7FEFF 		bl	MX_SPI1_Init
 385              	.LVL12:
ARM GAS  /var/folders/yz/d9r1ptpx3b38fsndtcpp09lr0000gn/T//ccpmNHUs.s 			page 16


  95:Core/Src/main.c **** 
 386              		.loc 1 95 3 view .LVU105
 387 0014 FFF7FEFF 		bl	max_init
 388              	.LVL13:
  97:Core/Src/main.c ****   create_array(arr);
 389              		.loc 1 97 3 view .LVU106
  98:Core/Src/main.c **** 
 390              		.loc 1 98 3 view .LVU107
 391 0018 6846     		mov	r0, sp
 392 001a FFF7FEFF 		bl	create_array
 393              	.LVL14:
 100:Core/Src/main.c ****   {
 394              		.loc 1 100 3 view .LVU108
 395              	.LBB8:
 100:Core/Src/main.c ****   {
 396              		.loc 1 100 7 view .LVU109
 100:Core/Src/main.c ****   {
 397              		.loc 1 100 15 is_stmt 0 view .LVU110
 398 001e 0023     		movs	r3, #0
 100:Core/Src/main.c ****   {
 399              		.loc 1 100 3 view .LVU111
 400 0020 16E0     		b	.L20
 401              	.LVL15:
 402              	.L21:
 102:Core/Src/main.c ****     change_row(arr, 3, row + 1, eye[row]);
 403              		.loc 1 102 5 is_stmt 1 view .LVU112
 404 0022 5C1C     		adds	r4, r3, #1
 405 0024 E4B2     		uxtb	r4, r4
 102:Core/Src/main.c ****     change_row(arr, 3, row + 1, eye[row]);
 406              		.loc 1 102 36 is_stmt 0 view .LVU113
 407 0026 334A     		ldr	r2, .L24
 408 0028 D65C     		ldrb	r6, [r2, r3]	@ zero_extendqisi2
 102:Core/Src/main.c ****     change_row(arr, 3, row + 1, eye[row]);
 409              		.loc 1 102 5 view .LVU114
 410 002a 3346     		mov	r3, r6
 411              	.LVL16:
 102:Core/Src/main.c ****     change_row(arr, 3, row + 1, eye[row]);
 412              		.loc 1 102 5 view .LVU115
 413 002c 2246     		mov	r2, r4
 414 002e 0221     		movs	r1, #2
 415 0030 6846     		mov	r0, sp
 416 0032 FFF7FEFF 		bl	change_row
 417              	.LVL17:
 103:Core/Src/main.c ****     HAL_Delay(150);
 418              		.loc 1 103 5 is_stmt 1 view .LVU116
 419 0036 3346     		mov	r3, r6
 420 0038 2246     		mov	r2, r4
 421 003a 0321     		movs	r1, #3
 422 003c 6846     		mov	r0, sp
 423 003e FFF7FEFF 		bl	change_row
 424              	.LVL18:
 104:Core/Src/main.c ****     refresh_max(arr);
 425              		.loc 1 104 5 view .LVU117
 426 0042 9620     		movs	r0, #150
 427 0044 FFF7FEFF 		bl	HAL_Delay
 428              	.LVL19:
 105:Core/Src/main.c ****   }
ARM GAS  /var/folders/yz/d9r1ptpx3b38fsndtcpp09lr0000gn/T//ccpmNHUs.s 			page 17


 429              		.loc 1 105 5 view .LVU118
 430 0048 6846     		mov	r0, sp
 431 004a FFF7FEFF 		bl	refresh_max
 432              	.LVL20:
 100:Core/Src/main.c ****   {
 433              		.loc 1 100 36 discriminator 3 view .LVU119
 100:Core/Src/main.c ****   {
 434              		.loc 1 100 36 is_stmt 0 discriminator 3 view .LVU120
 435 004e 2346     		mov	r3, r4
 436              	.LVL21:
 437              	.L20:
 100:Core/Src/main.c ****   {
 438              		.loc 1 100 28 is_stmt 1 discriminator 1 view .LVU121
 439 0050 072B     		cmp	r3, #7
 440 0052 E6D9     		bls	.L21
 441              	.LBE8:
 109:Core/Src/main.c ****   /* USER CODE END 2 */
 442              		.loc 1 109 3 view .LVU122
 443 0054 6846     		mov	r0, sp
 444 0056 FFF7FEFF 		bl	refresh_max
 445              	.LVL22:
 446              	.L22:
 114:Core/Src/main.c ****   {
 447              		.loc 1 114 3 view .LVU123
 117:Core/Src/main.c ****     change_row(arr, 3, 4, 0b10001101);
 448              		.loc 1 117 5 view .LVU124
 449 005a 8D23     		movs	r3, #141
 450 005c 0422     		movs	r2, #4
 451 005e 0221     		movs	r1, #2
 452 0060 6846     		mov	r0, sp
 453 0062 FFF7FEFF 		bl	change_row
 454              	.LVL23:
 118:Core/Src/main.c **** 
 455              		.loc 1 118 5 view .LVU125
 456 0066 8D23     		movs	r3, #141
 457 0068 0422     		movs	r2, #4
 458 006a 0321     		movs	r1, #3
 459 006c 6846     		mov	r0, sp
 460 006e FFF7FEFF 		bl	change_row
 461              	.LVL24:
 120:Core/Src/main.c ****     HAL_Delay(2000);
 462              		.loc 1 120 5 view .LVU126
 463 0072 6846     		mov	r0, sp
 464 0074 FFF7FEFF 		bl	refresh_max
 465              	.LVL25:
 121:Core/Src/main.c ****     change_row(arr, 3, 4, 0b10011001);   
 466              		.loc 1 121 5 view .LVU127
 467 0078 4FF4FA60 		mov	r0, #2000
 468 007c FFF7FEFF 		bl	HAL_Delay
 469              	.LVL26:
 122:Core/Src/main.c ****     change_row(arr, 2, 4, 0b10011001);
 470              		.loc 1 122 5 view .LVU128
 471 0080 9923     		movs	r3, #153
 472 0082 0422     		movs	r2, #4
 473 0084 0321     		movs	r1, #3
 474 0086 6846     		mov	r0, sp
 475 0088 FFF7FEFF 		bl	change_row
ARM GAS  /var/folders/yz/d9r1ptpx3b38fsndtcpp09lr0000gn/T//ccpmNHUs.s 			page 18


 476              	.LVL27:
 123:Core/Src/main.c ****     refresh_max(arr);
 477              		.loc 1 123 5 view .LVU129
 478 008c 9923     		movs	r3, #153
 479 008e 0422     		movs	r2, #4
 480 0090 0221     		movs	r1, #2
 481 0092 6846     		mov	r0, sp
 482 0094 FFF7FEFF 		bl	change_row
 483              	.LVL28:
 124:Core/Src/main.c ****     HAL_Delay(2000);
 484              		.loc 1 124 5 view .LVU130
 485 0098 6846     		mov	r0, sp
 486 009a FFF7FEFF 		bl	refresh_max
 487              	.LVL29:
 125:Core/Src/main.c **** 
 488              		.loc 1 125 5 view .LVU131
 489 009e 4FF4FA60 		mov	r0, #2000
 490 00a2 FFF7FEFF 		bl	HAL_Delay
 491              	.LVL30:
 127:Core/Src/main.c ****     change_row(arr, 3, 4, 0b10110001);
 492              		.loc 1 127 5 view .LVU132
 493 00a6 B123     		movs	r3, #177
 494 00a8 0422     		movs	r2, #4
 495 00aa 0221     		movs	r1, #2
 496 00ac 6846     		mov	r0, sp
 497 00ae FFF7FEFF 		bl	change_row
 498              	.LVL31:
 128:Core/Src/main.c **** 
 499              		.loc 1 128 5 view .LVU133
 500 00b2 B123     		movs	r3, #177
 501 00b4 0422     		movs	r2, #4
 502 00b6 0321     		movs	r1, #3
 503 00b8 6846     		mov	r0, sp
 504 00ba FFF7FEFF 		bl	change_row
 505              	.LVL32:
 130:Core/Src/main.c ****     HAL_Delay(2000);
 506              		.loc 1 130 5 view .LVU134
 507 00be 6846     		mov	r0, sp
 508 00c0 FFF7FEFF 		bl	refresh_max
 509              	.LVL33:
 131:Core/Src/main.c ****     change_row(arr, 3, 4, 0b10011001);   
 510              		.loc 1 131 5 view .LVU135
 511 00c4 4FF4FA60 		mov	r0, #2000
 512 00c8 FFF7FEFF 		bl	HAL_Delay
 513              	.LVL34:
 132:Core/Src/main.c ****     change_row(arr, 2, 4, 0b10011001);
 514              		.loc 1 132 5 view .LVU136
 515 00cc 9923     		movs	r3, #153
 516 00ce 0422     		movs	r2, #4
 517 00d0 0321     		movs	r1, #3
 518 00d2 6846     		mov	r0, sp
 519 00d4 FFF7FEFF 		bl	change_row
 520              	.LVL35:
 133:Core/Src/main.c ****     refresh_max(arr);
 521              		.loc 1 133 5 view .LVU137
 522 00d8 9923     		movs	r3, #153
 523 00da 0422     		movs	r2, #4
ARM GAS  /var/folders/yz/d9r1ptpx3b38fsndtcpp09lr0000gn/T//ccpmNHUs.s 			page 19


 524 00dc 0221     		movs	r1, #2
 525 00de 6846     		mov	r0, sp
 526 00e0 FFF7FEFF 		bl	change_row
 527              	.LVL36:
 134:Core/Src/main.c ****     HAL_Delay(2000);
 528              		.loc 1 134 5 view .LVU138
 529 00e4 6846     		mov	r0, sp
 530 00e6 FFF7FEFF 		bl	refresh_max
 531              	.LVL37:
 135:Core/Src/main.c ****     /* USER CODE BEGIN 3 */
 532              		.loc 1 135 5 discriminator 1 view .LVU139
 533 00ea 4FF4FA60 		mov	r0, #2000
 534 00ee FFF7FEFF 		bl	HAL_Delay
 535              	.LVL38:
 114:Core/Src/main.c ****   {
 536              		.loc 1 114 9 view .LVU140
 537 00f2 B2E7     		b	.L22
 538              	.L25:
 539              		.align	2
 540              	.L24:
 541 00f4 00000000 		.word	eye
 542              		.cfi_endproc
 543              	.LFE65:
 545              		.text
 546              	.Letext0:
 547              		.file 3 "/Applications/STM32CubeIDE.app/Contents/Eclipse/plugins/com.st.stm32cube.ide.mcu.external
 548              		.file 4 "/Applications/STM32CubeIDE.app/Contents/Eclipse/plugins/com.st.stm32cube.ide.mcu.external
 549              		.file 5 "Drivers/CMSIS/Device/ST/STM32F1xx/Include/stm32f103xb.h"
 550              		.file 6 "Drivers/STM32F1xx_HAL_Driver/Inc/stm32f1xx_hal_def.h"
 551              		.file 7 "Drivers/STM32F1xx_HAL_Driver/Inc/stm32f1xx_hal_rcc.h"
 552              		.file 8 "Drivers/STM32F1xx_HAL_Driver/Inc/stm32f1xx_hal_rcc_ex.h"
 553              		.file 9 "Drivers/STM32F1xx_HAL_Driver/Inc/stm32f1xx_hal_gpio.h"
 554              		.file 10 "Drivers/STM32F1xx_HAL_Driver/Inc/stm32f1xx_hal_dma.h"
 555              		.file 11 "Drivers/STM32F1xx_HAL_Driver/Inc/stm32f1xx_hal_spi.h"
 556              		.file 12 "Core/Src/../Inc/max_func.h"
 557              		.file 13 "Drivers/STM32F1xx_HAL_Driver/Inc/stm32f1xx_hal.h"
 558              		.file 14 "Core/Src/../Inc/bits_flag.h"
 559              		.file 15 "<built-in>"
ARM GAS  /var/folders/yz/d9r1ptpx3b38fsndtcpp09lr0000gn/T//ccpmNHUs.s 			page 20


DEFINED SYMBOLS
                            *ABS*:00000000 main.c
/var/folders/yz/d9r1ptpx3b38fsndtcpp09lr0000gn/T//ccpmNHUs.s:19     .text.MX_GPIO_Init:00000000 $t
/var/folders/yz/d9r1ptpx3b38fsndtcpp09lr0000gn/T//ccpmNHUs.s:24     .text.MX_GPIO_Init:00000000 MX_GPIO_Init
/var/folders/yz/d9r1ptpx3b38fsndtcpp09lr0000gn/T//ccpmNHUs.s:115    .text.MX_GPIO_Init:0000005c $d
/var/folders/yz/d9r1ptpx3b38fsndtcpp09lr0000gn/T//ccpmNHUs.s:121    .text.Error_Handler:00000000 $t
/var/folders/yz/d9r1ptpx3b38fsndtcpp09lr0000gn/T//ccpmNHUs.s:127    .text.Error_Handler:00000000 Error_Handler
/var/folders/yz/d9r1ptpx3b38fsndtcpp09lr0000gn/T//ccpmNHUs.s:159    .text.MX_SPI1_Init:00000000 $t
/var/folders/yz/d9r1ptpx3b38fsndtcpp09lr0000gn/T//ccpmNHUs.s:164    .text.MX_SPI1_Init:00000000 MX_SPI1_Init
/var/folders/yz/d9r1ptpx3b38fsndtcpp09lr0000gn/T//ccpmNHUs.s:233    .text.MX_SPI1_Init:00000038 $d
/var/folders/yz/d9r1ptpx3b38fsndtcpp09lr0000gn/T//ccpmNHUs.s:239    .text.SystemClock_Config:00000000 $t
/var/folders/yz/d9r1ptpx3b38fsndtcpp09lr0000gn/T//ccpmNHUs.s:245    .text.SystemClock_Config:00000000 SystemClock_Config
/var/folders/yz/d9r1ptpx3b38fsndtcpp09lr0000gn/T//ccpmNHUs.s:352    .text.main:00000000 $t
/var/folders/yz/d9r1ptpx3b38fsndtcpp09lr0000gn/T//ccpmNHUs.s:358    .text.main:00000000 main
/var/folders/yz/d9r1ptpx3b38fsndtcpp09lr0000gn/T//ccpmNHUs.s:541    .text.main:000000f4 $d

UNDEFINED SYMBOLS
HAL_GPIO_WritePin
HAL_GPIO_Init
HAL_SPI_Init
hspi1
memset
HAL_RCC_OscConfig
HAL_RCC_ClockConfig
HAL_Init
max_init
create_array
change_row
HAL_Delay
refresh_max
eye
